// Jest Snapshot v1, https://goo.gl/fbAQLP

exports[`Component basic snapshot 1`] = `
<div>
  Hello Worlds.
</div>
`;
